ID,Test Description,Target,
1,CRX5,0.5333,
2,CR34,1,
3,CR13,0.5333,
,,,
